Version MSBuild 18.0.5+e22287bf1 pour .NET Framework

  nanobind-static.vcxproj -> D:\Python\raytracing\build\Release\nanobind-static.lib
  main.cpp
D:\Python\raytracing\src\main.cpp(352,81): error C2039: 'is_shadow' n'est pas membre de 'Ray' [D:\Python\raytracing\build\cpp_engine.vcxproj]
      D:\Python\raytracing\src\main.cpp(158,8):
      voir la d├®claration de 'Ray'
  
D:\Python\raytracing\src\main.cpp(361,18): error C2039: 'is_shadow' n'est pas membre de 'Ray' [D:\Python\raytracing\build\cpp_engine.vcxproj]
      D:\Python\raytracing\src\main.cpp(158,8):
      voir la d├®claration de 'Ray'
  
D:\Python\raytracing\src\main.cpp(641,22): error C2661: 'Ray::Ray'┬á: aucune fonction surcharg├®e ne n├®cessite 4 arguments [D:\Python\raytracing\build\cpp_engine.vcxproj]
      D:\Python\raytracing\src\main.cpp(641,22):
      lors de la tentative de mise en correspondance de la liste des arguments '(Vec3, Vec3, const Real, bool)'
  
D:\Python\raytracing\src\main.cpp(691,22): error C2661: 'Ray::Ray'┬á: aucune fonction surcharg├®e ne n├®cessite 4 arguments [D:\Python\raytracing\build\cpp_engine.vcxproj]
      D:\Python\raytracing\src\main.cpp(691,22):
      lors de la tentative de mise en correspondance de la liste des arguments '(Vec3, Vec3, const Real, bool)'
  
